[    0.0 min |  0.5G] START phase=run tag=s102max job=870496 gpu=NVIDIA L40S
[    2.2 min | 10.1G] flow map weights loaded; score ready (denoiser capped at 24 rows)
[    2.7 min | 10.1G] PHASE 1 GATE PASSED  latent_std=1.0345 (base FLUX 1.0150)  denoise-vs-map gap=0.1660  s/row=0.231
[   21.9 min | 10.1G] reward built: refs (64, 65536)  S=1.0606  gamma=[0.889, 1.02e+03] x 30   ref bank 19.2 min
[   21.9 min | 10.1G] lambda_s LOADED from lam_s_R64_seed7.json: 140.093  (E_p[f] = 1.0062 +- 0.0071, f(refs) = 0.9844)
[   21.9 min | 10.1G] === agg=max  K=8  seed=102  m=1.25  lambda=175.12  (lambda_s=140.09)  M=8 N=16 eta=1.5 guid_window=(0.0, 1.0) ess_thr=0.5 gpu=NVIDIA L40S ===
[   44.0 min | 10.1G]   [max] K=8 seed=102 m=1.25 step 1/16 t=0.0625  ESS/M=0.42  uniq/M=0.50  E_q[f]=0.9307  f_cand=0.9222  22.0 min into this m
[   66.0 min | 10.1G]   [max] K=8 seed=102 m=1.25 step 2/16 t=0.1250  ESS/M=0.47  uniq/M=0.50  E_q[f]=0.9369  f_cand=0.9296  44.1 min into this m
[   88.1 min | 10.1G]   [max] K=8 seed=102 m=1.25 step 3/16 t=0.1875  ESS/M=0.54  uniq/M=0.50  E_q[f]=0.9657  f_cand=0.9521  66.1 min into this m
[  110.1 min | 10.1G]   [max] K=8 seed=102 m=1.25 step 4/16 t=0.2500  ESS/M=0.34  uniq/M=0.25  E_q[f]=0.9883  f_cand=0.9624  88.2 min into this m
[  132.2 min | 10.1G]   [max] K=8 seed=102 m=1.25 step 5/16 t=0.3125  ESS/M=0.64  uniq/M=0.25  E_q[f]=1.0054  f_cand=0.9859  110.3 min into this m
[  154.3 min | 10.1G]   [max] K=8 seed=102 m=1.25 step 6/16 t=0.3750  ESS/M=0.66  uniq/M=0.25  E_q[f]=1.0171  f_cand=0.9956  132.4 min into this m
[  176.5 min | 10.1G]   [max] K=8 seed=102 m=1.25 step 7/16 t=0.4375  ESS/M=0.72  uniq/M=0.25  E_q[f]=1.0255  f_cand=1.0040  154.5 min into this m
[  198.6 min | 10.1G]   [max] K=8 seed=102 m=1.25 step 8/16 t=0.5000  ESS/M=0.69  uniq/M=0.25  E_q[f]=1.0369  f_cand=1.0138  176.7 min into this m
[  220.7 min | 10.1G]   [max] K=8 seed=102 m=1.25 step 9/16 t=0.5625  ESS/M=0.58  uniq/M=0.25  E_q[f]=1.0442  f_cand=1.0222  198.8 min into this m
[  242.8 min | 10.1G]   [max] K=8 seed=102 m=1.25 step 10/16 t=0.6250  ESS/M=0.56  uniq/M=0.25  E_q[f]=1.0465  f_cand=1.0244  220.9 min into this m
[  265.0 min | 10.1G]   [max] K=8 seed=102 m=1.25 step 11/16 t=0.6875  ESS/M=0.49  uniq/M=0.12  E_q[f]=1.0438  f_cand=1.0228  243.1 min into this m
[  287.1 min | 10.1G]   [max] K=8 seed=102 m=1.25 step 12/16 t=0.7500  ESS/M=0.72  uniq/M=0.12  E_q[f]=1.0366  f_cand=1.0231  265.2 min into this m
[  309.3 min | 10.1G]   [max] K=8 seed=102 m=1.25 step 13/16 t=0.8125  ESS/M=0.66  uniq/M=0.12  E_q[f]=1.0278  f_cand=1.0156  287.3 min into this m
[  331.4 min | 10.1G]   [max] K=8 seed=102 m=1.25 step 14/16 t=0.8750  ESS/M=0.71  uniq/M=0.12  E_q[f]=1.0204  f_cand=1.0104  309.5 min into this m
[  353.5 min | 10.1G]   [max] K=8 seed=102 m=1.25 step 15/16 t=0.9375  ESS/M=0.79  uniq/M=0.12  E_q[f]=1.0086  f_cand=1.0015  331.6 min into this m
[  355.9 min | 10.1G]   [max] K=8 seed=102 m=1.25 step 16/16 t=1.0000  ESS/M=0.79  uniq/M=0.12  E_q[f]=1.0088  f_cand=1.0093  334.0 min into this m
[  355.9 min | 10.1G] [max] K=8 seed=102 m=1.25 COMPLETED in 334.0 min (5.57 h)  saved -> result_N8_K8_m1.25_seed102_max_s102max.pt
[  355.9 min | 10.1G] [max] aggregation verified at step 0
[  355.9 min | 10.1G] [max] K=8 seed=102 SUMMARY  E_q[f] peak=1.0465 at step 10  terminal=1.0088  give-back=+0.0378  final uniq/M=0.125  resamples=4/16
[  356.0 min | 10.1G] SUMMARY [max] K=8 m=1.25 lam=175.1  peak=1.0465@10  terminal=1.0088  give-back=+0.0378  collapse@11  resamples=4  uniq/M=0.125
[  356.0 min | 10.1G]   max-vs-soft potential gap (f units): mean=3.669e-03  first=6.021e-03  last=9.729e-04   (x lam = 0.642 in log-weight units)
