[    0.0 min |  0.5G] START phase=run tag=s103max job=870498 gpu=NVIDIA L40S
[    0.8 min | 10.2G] flow map weights loaded; score ready (denoiser capped at 24 rows)
[    1.3 min | 10.2G] PHASE 1 GATE PASSED  latent_std=1.0345 (base FLUX 1.0150)  denoise-vs-map gap=0.1660  s/row=0.233
[   20.4 min | 10.2G] reward built: refs (64, 65536)  S=1.0606  gamma=[0.889, 1.02e+03] x 30   ref bank 19.1 min
[   20.4 min | 10.2G] lambda_s LOADED from lam_s_R64_seed7.json: 140.093  (E_p[f] = 1.0062 +- 0.0071, f(refs) = 0.9844)
[   20.4 min | 10.2G] === agg=max  K=8  seed=103  m=1.25  lambda=175.12  (lambda_s=140.09)  M=8 N=16 eta=1.5 guid_window=(0.0, 1.0) ess_thr=0.5 gpu=NVIDIA L40S ===
[   42.4 min | 10.2G]   [max] K=8 seed=103 m=1.25 step 1/16 t=0.0625  ESS/M=0.67  uniq/M=1.00  E_q[f]=0.9207  f_cand=0.9179  22.0 min into this m
[   64.4 min | 10.2G]   [max] K=8 seed=103 m=1.25 step 2/16 t=0.1250  ESS/M=0.55  uniq/M=1.00  E_q[f]=0.9306  f_cand=0.9214  44.0 min into this m
[   86.4 min | 10.2G]   [max] K=8 seed=103 m=1.25 step 3/16 t=0.1875  ESS/M=0.28  uniq/M=0.38  E_q[f]=0.9639  f_cand=0.9403  65.9 min into this m
[  108.4 min | 10.2G]   [max] K=8 seed=103 m=1.25 step 4/16 t=0.2500  ESS/M=0.75  uniq/M=0.38  E_q[f]=0.9723  f_cand=0.9609  87.9 min into this m
[  130.4 min | 10.2G]   [max] K=8 seed=103 m=1.25 step 5/16 t=0.3125  ESS/M=0.46  uniq/M=0.25  E_q[f]=0.9889  f_cand=0.9731  109.9 min into this m
[  152.4 min | 10.2G]   [max] K=8 seed=103 m=1.25 step 6/16 t=0.3750  ESS/M=0.75  uniq/M=0.25  E_q[f]=1.0011  f_cand=0.9796  131.9 min into this m
[  174.4 min | 10.2G]   [max] K=8 seed=103 m=1.25 step 7/16 t=0.4375  ESS/M=0.54  uniq/M=0.25  E_q[f]=1.0103  f_cand=0.9916  153.9 min into this m
[  196.4 min | 10.2G]   [max] K=8 seed=103 m=1.25 step 8/16 t=0.5000  ESS/M=0.46  uniq/M=0.25  E_q[f]=1.0236  f_cand=1.0025  175.9 min into this m
[  218.4 min | 10.2G]   [max] K=8 seed=103 m=1.25 step 9/16 t=0.5625  ESS/M=0.71  uniq/M=0.25  E_q[f]=1.0298  f_cand=1.0106  197.9 min into this m
[  240.4 min | 10.2G]   [max] K=8 seed=103 m=1.25 step 10/16 t=0.6250  ESS/M=0.85  uniq/M=0.25  E_q[f]=1.0322  f_cand=1.0154  219.9 min into this m
[  262.4 min | 10.2G]   [max] K=8 seed=103 m=1.25 step 11/16 t=0.6875  ESS/M=0.73  uniq/M=0.25  E_q[f]=1.0296  f_cand=1.0148  241.9 min into this m
[  284.4 min | 10.2G]   [max] K=8 seed=103 m=1.25 step 12/16 t=0.7500  ESS/M=0.59  uniq/M=0.25  E_q[f]=1.0262  f_cand=1.0115  263.9 min into this m
[  306.4 min | 10.2G]   [max] K=8 seed=103 m=1.25 step 13/16 t=0.8125  ESS/M=0.70  uniq/M=0.25  E_q[f]=1.0206  f_cand=1.0065  285.9 min into this m
[  328.4 min | 10.2G]   [max] K=8 seed=103 m=1.25 step 14/16 t=0.8750  ESS/M=0.51  uniq/M=0.25  E_q[f]=1.0170  f_cand=1.0046  307.9 min into this m
[  350.4 min | 10.2G]   [max] K=8 seed=103 m=1.25 step 15/16 t=0.9375  ESS/M=0.55  uniq/M=0.25  E_q[f]=1.0075  f_cand=0.9976  329.9 min into this m
[  352.8 min | 10.2G]   [max] K=8 seed=103 m=1.25 step 16/16 t=1.0000  ESS/M=0.52  uniq/M=0.25  E_q[f]=1.0079  f_cand=1.0051  332.4 min into this m
[  352.8 min | 10.2G] [max] K=8 seed=103 m=1.25 COMPLETED in 332.4 min (5.54 h)  saved -> result_N8_K8_m1.25_seed103_max_s103max.pt
[  352.8 min | 10.2G] [max] aggregation verified at step 0
[  352.8 min | 10.2G] [max] K=8 seed=103 SUMMARY  E_q[f] peak=1.0322 at step 10  terminal=1.0079  give-back=+0.0243  final uniq/M=0.250  resamples=3/16
[  352.8 min | 10.2G] SUMMARY [max] K=8 m=1.25 lam=175.1  peak=1.0322@10  terminal=1.0079  give-back=+0.0243  collapse@None  resamples=3  uniq/M=0.250
[  352.8 min | 10.2G]   max-vs-soft potential gap (f units): mean=3.839e-03  first=5.676e-03  last=7.706e-04   (x lam = 0.672 in log-weight units)
