[    0.0 min |  0.5G] START phase=run tag=ctrl2 job=870213 gpu=NVIDIA L40S
[    0.6 min | 10.2G] flow map weights loaded; score ready (denoiser capped at 24 rows)
[    1.1 min | 10.2G] PHASE 1 GATE PASSED  latent_std=1.0345 (base FLUX 1.0150)  denoise-vs-map gap=0.1660  s/row=0.227
[   20.0 min | 10.2G] reward built: refs (64, 65536)  S=1.0606  gamma=[0.889, 1.02e+03] x 30   ref bank 18.8 min
[   20.0 min | 10.2G] lambda_s LOADED from lam_s_R64_seed7.json: 140.093  (E_p[f] = 1.0062 +- 0.0071, f(refs) = 0.9844)
[   20.0 min | 10.2G] === K=1  m=0  lambda=0.00  (lambda_s=140.09)  M=8 N=16 eta=1.5 guid_window=(1.0, 1.0) ess_thr=0.5 gpu=NVIDIA L40S ===
[   22.4 min | 10.2G]   K=1 m=0 step 1/16 t=0.0625  ESS/M=1.00  uniq/M=1.00  E_q[f]=0.9160  f_cand=nan  2.4 min into this m
[   24.8 min | 10.2G]   K=1 m=0 step 2/16 t=0.1250  ESS/M=1.00  uniq/M=1.00  E_q[f]=0.9239  f_cand=nan  4.9 min into this m
[   27.3 min | 10.2G]   K=1 m=0 step 3/16 t=0.1875  ESS/M=1.00  uniq/M=1.00  E_q[f]=0.9455  f_cand=nan  7.3 min into this m
[   29.7 min | 10.2G]   K=1 m=0 step 4/16 t=0.2500  ESS/M=1.00  uniq/M=1.00  E_q[f]=0.9629  f_cand=nan  9.7 min into this m
[   32.1 min | 10.2G]   K=1 m=0 step 5/16 t=0.3125  ESS/M=1.00  uniq/M=1.00  E_q[f]=0.9784  f_cand=nan  12.1 min into this m
[   34.5 min | 10.2G]   K=1 m=0 step 6/16 t=0.3750  ESS/M=1.00  uniq/M=1.00  E_q[f]=0.9916  f_cand=nan  14.5 min into this m
[   36.9 min | 10.2G]   K=1 m=0 step 7/16 t=0.4375  ESS/M=1.00  uniq/M=1.00  E_q[f]=1.0017  f_cand=nan  17.0 min into this m
[   39.4 min | 10.2G]   K=1 m=0 step 8/16 t=0.5000  ESS/M=1.00  uniq/M=1.00  E_q[f]=1.0130  f_cand=nan  19.4 min into this m
[   41.8 min | 10.2G]   K=1 m=0 step 9/16 t=0.5625  ESS/M=1.00  uniq/M=1.00  E_q[f]=1.0182  f_cand=nan  21.8 min into this m
[   44.2 min | 10.2G]   K=1 m=0 step 10/16 t=0.6250  ESS/M=1.00  uniq/M=1.00  E_q[f]=1.0207  f_cand=nan  24.2 min into this m
[   46.6 min | 10.2G]   K=1 m=0 step 11/16 t=0.6875  ESS/M=1.00  uniq/M=1.00  E_q[f]=1.0198  f_cand=nan  26.6 min into this m
[   49.0 min | 10.2G]   K=1 m=0 step 12/16 t=0.7500  ESS/M=1.00  uniq/M=1.00  E_q[f]=1.0151  f_cand=nan  29.1 min into this m
[   51.5 min | 10.2G]   K=1 m=0 step 13/16 t=0.8125  ESS/M=1.00  uniq/M=1.00  E_q[f]=1.0106  f_cand=nan  31.5 min into this m
[   53.9 min | 10.2G]   K=1 m=0 step 14/16 t=0.8750  ESS/M=1.00  uniq/M=1.00  E_q[f]=1.0042  f_cand=nan  33.9 min into this m
[   56.3 min | 10.2G]   K=1 m=0 step 15/16 t=0.9375  ESS/M=1.00  uniq/M=1.00  E_q[f]=0.9943  f_cand=nan  36.3 min into this m
[   58.7 min | 10.2G]   K=1 m=0 step 16/16 t=1.0000  ESS/M=1.00  uniq/M=1.00  E_q[f]=0.9943  f_cand=0.9943  38.7 min into this m
[   58.7 min | 10.2G] K=1 m=0 COMPLETED in 38.7 min (0.65 h)  vs projected 0.65 h   saved -> result_N8_K1_m0_seed101_ctrl2.pt
[   58.7 min | 10.2G] K=1 m=0 SUMMARY  E_q[f] peak=1.0207 at step 10  terminal=0.9943  give-back=+0.0264  final uniq/M=1.000  resamples=0/16
[   58.7 min | 10.2G] SUMMARY K=1 m=0 lam=0.0  peak=1.0207@10  terminal=0.9943  give-back=+0.0264  collapse@None  resamples=0  uniq/M=1.000
[   58.9 min | 10.2G] wrote eqf_by_K_ctrl2.png with 5 curve(s)
