[    0.0 min |  0.5G] START phase=run tag=k04 job=870122 gpu=NVIDIA L40S
[    0.4 min | 10.2G] flow map weights loaded; score ready (denoiser capped at 24 rows)
[    0.9 min | 10.2G] PHASE 1 GATE PASSED  latent_std=1.0345 (base FLUX 1.0150)  denoise-vs-map gap=0.1660  s/row=0.229
[   19.9 min | 10.2G] reward built: refs (64, 65536)  S=1.0606  gamma=[0.889, 1.02e+03] x 30   ref bank 19.0 min
[   19.9 min | 10.2G] lambda_s LOADED from lam_s_R64_seed7.json: 140.093  (E_p[f] = 1.0062 +- 0.0071, f(refs) = 0.9844)
[   19.9 min | 10.2G] === K=4  m=1.25  lambda=175.12  (lambda_s=140.09)  M=8 N=16 eta=1.5 guid_window=(0.0, 1.0) ess_thr=0.5 gpu=NVIDIA L40S ===
[   32.1 min | 10.2G]   K=4 m=1.25 step 1/16 t=0.0625  ESS/M=0.44  uniq/M=0.75  E_q[f]=0.9172  f_cand=0.9180  12.2 min into this m
[   44.3 min | 10.2G]   K=4 m=1.25 step 2/16 t=0.1250  ESS/M=0.15  uniq/M=0.25  E_q[f]=0.9305  f_cand=0.9212  24.4 min into this m
[   56.5 min | 10.2G]   K=4 m=1.25 step 3/16 t=0.1875  ESS/M=0.14  uniq/M=0.12  E_q[f]=0.9880  f_cand=0.9488  36.6 min into this m
[   68.7 min | 10.2G]   K=4 m=1.25 step 4/16 t=0.2500  ESS/M=0.61  uniq/M=0.12  E_q[f]=1.0080  f_cand=0.9895  48.8 min into this m
[   80.9 min | 10.2G]   K=4 m=1.25 step 5/16 t=0.3125  ESS/M=0.61  uniq/M=0.12  E_q[f]=1.0178  f_cand=0.9996  61.0 min into this m
[   93.1 min | 10.2G]   K=4 m=1.25 step 6/16 t=0.3750  ESS/M=0.52  uniq/M=0.12  E_q[f]=1.0311  f_cand=1.0050  73.2 min into this m
[  105.3 min | 10.2G]   K=4 m=1.25 step 7/16 t=0.4375  ESS/M=0.45  uniq/M=0.12  E_q[f]=1.0406  f_cand=1.0107  85.3 min into this m
[  117.5 min | 10.2G]   K=4 m=1.25 step 8/16 t=0.5000  ESS/M=0.82  uniq/M=0.12  E_q[f]=1.0487  f_cand=1.0321  97.5 min into this m
[  129.7 min | 10.2G]   K=4 m=1.25 step 9/16 t=0.5625  ESS/M=0.57  uniq/M=0.12  E_q[f]=1.0530  f_cand=1.0366  109.7 min into this m
[  141.9 min | 10.2G]   K=4 m=1.25 step 10/16 t=0.6250  ESS/M=0.54  uniq/M=0.12  E_q[f]=1.0496  f_cand=1.0351  121.9 min into this m
[  154.1 min | 10.2G]   K=4 m=1.25 step 11/16 t=0.6875  ESS/M=0.48  uniq/M=0.12  E_q[f]=1.0414  f_cand=1.0293  134.1 min into this m
[  166.3 min | 10.2G]   K=4 m=1.25 step 12/16 t=0.7500  ESS/M=0.85  uniq/M=0.12  E_q[f]=1.0316  f_cand=1.0225  146.4 min into this m
[  178.6 min | 10.2G]   K=4 m=1.25 step 13/16 t=0.8125  ESS/M=0.59  uniq/M=0.12  E_q[f]=1.0200  f_cand=1.0120  158.6 min into this m
[  190.8 min | 10.2G]   K=4 m=1.25 step 14/16 t=0.8750  ESS/M=0.62  uniq/M=0.12  E_q[f]=1.0091  f_cand=1.0025  170.8 min into this m
[  203.0 min | 10.2G]   K=4 m=1.25 step 15/16 t=0.9375  ESS/M=0.63  uniq/M=0.12  E_q[f]=0.9999  f_cand=0.9942  183.1 min into this m
[  205.4 min | 10.2G]   K=4 m=1.25 step 16/16 t=1.0000  ESS/M=0.62  uniq/M=0.12  E_q[f]=1.0000  f_cand=1.0010  185.5 min into this m
[  205.5 min | 10.2G] K=4 m=1.25 COMPLETED in 185.5 min (3.09 h)  vs projected 3.10 h   saved -> result_N8_K4_m1.25_seed101_k04.pt
[  205.5 min | 10.2G] K=4 m=1.25 SUMMARY  E_q[f] peak=1.0530 at step 9  terminal=1.0000  give-back=+0.0530  final uniq/M=0.125  resamples=5/16
[  205.5 min | 10.2G] SUMMARY K=4 m=1.25 lam=175.1  peak=1.0530@9  terminal=1.0000  give-back=+0.0530  collapse@3  resamples=5  uniq/M=0.125
[  206.1 min | 10.2G] wrote eqf_by_K_k04.png with 5 curve(s)
