[    0.0 min] START phase=run tag=nv_1 job=702198 gpu=NVIDIA RTX A6000
[    6.7 min] flow map weights loaded; score ready (denoiser capped at 24 rows)
[    7.5 min] PHASE 1 GATE PASSED  latent_std=0.9840 (base FLUX 1.0150)  denoise-vs-map gap=0.1760  s/row=0.338
[   33.8 min] reward built: refs (64, 65536)  S=1.0606  gamma=[0.889, 1.02e+03] x 30   ref bank 26.4 min
[   33.8 min] lambda_s LOADED from lam_s_R64_seed7.json: 140.093  (E_p[f] = 1.0062 +- 0.0071, f(refs) = 0.9844)
[   33.8 min] === lam_tilde=1  (lambda=420.28 = 3*lambda_s, terminal only)  M=8 K=4 N=16 eta=1.5 guid_window=(0.0, 1.0) ===
[   47.4 min]   lamn=1 step 1/16 t=0.0625  ESS/M=0.61  uniq/M=1.00  f=0.9227  13.6 min into this m
[   61.0 min]   lamn=1 step 2/16 t=0.1250  ESS/M=0.62  uniq/M=1.00  f=0.9258  27.2 min into this m
[   74.5 min]   lamn=1 step 3/16 t=0.1875  ESS/M=0.17  uniq/M=0.25  f=0.9443  40.7 min into this m
[   88.1 min]   lamn=1 step 4/16 t=0.2500  ESS/M=0.27  uniq/M=0.25  f=0.9540  54.3 min into this m
[  101.7 min]   lamn=1 step 5/16 t=0.3125  ESS/M=0.63  uniq/M=0.25  f=0.9531  67.9 min into this m
[  115.3 min]   lamn=1 step 6/16 t=0.3750  ESS/M=0.74  uniq/M=0.25  f=0.9661  81.5 min into this m
[  128.9 min]   lamn=1 step 7/16 t=0.4375  ESS/M=0.69  uniq/M=0.25  f=0.9759  95.0 min into this m
[  142.4 min]   lamn=1 step 8/16 t=0.5000  ESS/M=0.72  uniq/M=0.25  f=0.9866  108.6 min into this m
[  156.0 min]   lamn=1 step 9/16 t=0.5625  ESS/M=0.65  uniq/M=0.25  f=0.9924  122.2 min into this m
[  169.6 min]   lamn=1 step 10/16 t=0.6250  ESS/M=0.18  uniq/M=0.12  f=0.9982  135.8 min into this m
[  183.1 min]   lamn=1 step 11/16 t=0.6875  ESS/M=0.21  uniq/M=0.12  f=0.9981  149.3 min into this m
[  196.7 min]   lamn=1 step 12/16 t=0.7500  ESS/M=0.66  uniq/M=0.12  f=0.9959  162.9 min into this m
[  210.3 min]   lamn=1 step 13/16 t=0.8125  ESS/M=0.45  uniq/M=0.12  f=0.9969  176.5 min into this m
[  223.9 min]   lamn=1 step 14/16 t=0.8750  ESS/M=0.66  uniq/M=0.12  f=0.9975  190.0 min into this m
[  237.4 min]   lamn=1 step 15/16 t=0.9375  ESS/M=0.52  uniq/M=0.12  f=0.9909  203.6 min into this m
[  240.7 min]   lamn=1 step 16/16 t=1.0000  ESS/M=0.25  uniq/M=0.12  f=0.9980  206.9 min into this m
[  240.8 min] lam_tilde=1 COMPLETED in 206.9 min (3.45 h)  vs projected 2.50 h   saved -> result_N8_K4_lamn1_m3_seed101_nv_1.pt
[  240.8 min] === lam_tilde=2  (lambda=420.28 = 3*lambda_s, terminal only)  M=8 K=4 N=16 eta=1.5 guid_window=(0.0, 1.0) ===
[  254.3 min]   lamn=2 step 1/16 t=0.0625  ESS/M=0.63  uniq/M=1.00  f=0.9227  13.5 min into this m
[  267.8 min]   lamn=2 step 2/16 t=0.1250  ESS/M=0.52  uniq/M=1.00  f=0.9258  27.1 min into this m
[  281.4 min]   lamn=2 step 3/16 t=0.1875  ESS/M=0.14  uniq/M=0.25  f=0.9443  40.6 min into this m
[  294.9 min]   lamn=2 step 4/16 t=0.2500  ESS/M=0.20  uniq/M=0.25  f=0.9540  54.2 min into this m
[  308.5 min]   lamn=2 step 5/16 t=0.3125  ESS/M=0.52  uniq/M=0.25  f=0.9502  67.7 min into this m
[  322.0 min]   lamn=2 step 6/16 t=0.3750  ESS/M=0.47  uniq/M=0.12  f=0.9634  81.3 min into this m
[  335.6 min]   lamn=2 step 7/16 t=0.4375  ESS/M=0.21  uniq/M=0.12  f=0.9688  94.8 min into this m
[  349.1 min]   lamn=2 step 8/16 t=0.5000  ESS/M=0.47  uniq/M=0.12  f=0.9770  108.3 min into this m
[  362.6 min]   lamn=2 step 9/16 t=0.5625  ESS/M=0.64  uniq/M=0.12  f=0.9866  121.9 min into this m
[  376.2 min]   lamn=2 step 10/16 t=0.6250  ESS/M=0.61  uniq/M=0.12  f=0.9921  135.5 min into this m
[  389.8 min]   lamn=2 step 11/16 t=0.6875  ESS/M=0.45  uniq/M=0.12  f=0.9951  149.0 min into this m
[  403.3 min]   lamn=2 step 12/16 t=0.7500  ESS/M=0.48  uniq/M=0.12  f=0.9956  162.5 min into this m
[  416.8 min]   lamn=2 step 13/16 t=0.8125  ESS/M=0.96  uniq/M=0.12  f=0.9969  176.1 min into this m
[  430.3 min]   lamn=2 step 14/16 t=0.8750  ESS/M=0.74  uniq/M=0.12  f=0.9979  189.6 min into this m
[  443.9 min]   lamn=2 step 15/16 t=0.9375  ESS/M=0.66  uniq/M=0.12  f=0.9920  203.1 min into this m
[  447.2 min]   lamn=2 step 16/16 t=1.0000  ESS/M=0.74  uniq/M=0.12  f=0.9989  206.4 min into this m
[  447.2 min] lam_tilde=2 COMPLETED in 206.4 min (3.44 h)  vs projected 2.50 h   saved -> result_N8_K4_lamn2_m3_seed101_nv_1.pt
[  460.4 min] DONE phase=run  total wall clock 7.67 h  completed m values: [1.0, 2.0]
